[Browserslist] Could not parse C:\Users\fortu\fortsmart_agro_new\package.json. Ignoring it.
  Γû▓ Next.js 14.2.21
  - Environments: .env.local

   Creating an optimized production build ...
[Browserslist] Could not parse C:\Users\fortu\fortsmart_agro_new\package.json. Ignoring it.
Failed to compile.

./app/api/relatorio-public/route.ts
Module not found: Can't resolve '@/lib/supabase-admin'

https://nextjs.org/docs/messages/module-not-found

./app/api/relatorio-public/route.ts
Module not found: Can't resolve '@/lib/supabase'

https://nextjs.org/docs/messages/module-not-found

./app/api/relatorio/[id]/route.ts
Module not found: Can't resolve '@/lib/supabase'

https://nextjs.org/docs/messages/module-not-found

./app/layout.tsx
Module not found: Can't resolve '@/styles/globals.css'

https://nextjs.org/docs/messages/module-not-found

./app/r/[token]/page.tsx
Module not found: Can't resolve '@/lib/supabase-admin'

https://nextjs.org/docs/messages/module-not-found


> Build failed because of webpack errors
